TAP version 13
ok 1 - Eloquent\Enumeration\EnumerationTest::testInitialization
ok 2 - Eloquent\Enumeration\EnumerationTest::testInstanceByValue
ok 3 - Eloquent\Enumeration\EnumerationTest::testInstanceByValueFailureUndefined
ok 4 - Eloquent\Enumeration\EnumerationTest::testInstanceByKey
ok 5 - Eloquent\Enumeration\EnumerationTest::testInstanceByKeyFailureUndefined
ok 6 - Eloquent\Enumeration\EnumerationTest::testCallStatic
ok 7 - Eloquent\Enumeration\EnumerationTest::testCallStaticUndefined
ok 8 - Eloquent\Enumeration\EnumerationTest::testInstantiationLogic
ok 9 - Eloquent\Enumeration\EnumerationTest::testInheritanceProtection
ok 10 - Eloquent\Enumeration\Exception\ExtendsConcreteExceptionTest::testException
ok 11 - Eloquent\Enumeration\Exception\UndefinedInstanceExceptionTest::testException
ok 12 - FunctionalTest::testHTTPRequestMethodSetup
ok 13 - FunctionalTest::testHTTPRequestMethodAcceptAll
ok 14 - FunctionalTest::testHTTPRequestMethodStrictComparison
ok 15 - FunctionalTest::testPlanetSetup
ok 16 - FunctionalTest::testPlanetExampleScriptOutput
ok 17 - Eloquent\Enumeration\MultitonTest::testMultitonInstances
ok 18 - Eloquent\Enumeration\MultitonTest::testInstanceByKey
ok 19 - Eloquent\Enumeration\MultitonTest::testInstanceByKeyFailureUndefined
ok 20 - Eloquent\Enumeration\MultitonTest::testInstanceBy
ok 21 - Eloquent\Enumeration\MultitonTest::testInstanceByFailureUndefined
ok 22 - Eloquent\Enumeration\MultitonTest::testInstanceByPredicate
ok 23 - Eloquent\Enumeration\MultitonTest::testInstanceByPredicateFailureUndefined
ok 24 - Eloquent\Enumeration\MultitonTest::testCallStatic
ok 25 - Eloquent\Enumeration\MultitonTest::testCallStaticFailureUndefined
ok 26 - Eloquent\Enumeration\MultitonTest::testInstantiationLogic
ok 27 - Eloquent\Enumeration\MultitonTest::testInheritanceProtection
ok 28 - Eloquent\Enumeration\MultitonTest::testAnyOf
ok 29 - Eloquent\Enumeration\MultitonTest::testAnyOfArray
ok 30 - Eloquent\Enumeration\MultitonTest::testToString
1..30
