TAP version 13
ok 1 - Eloquent\Enumeration\AbstractEnumerationTest::testMemberByKey
ok 2 - Eloquent\Enumeration\AbstractEnumerationTest::testMemberByKeyFailureUndefined
ok 3 - Eloquent\Enumeration\AbstractEnumerationTest::testMemberByKeyWithDefault
ok 4 - Eloquent\Enumeration\AbstractEnumerationTest::testMemberOrNullByKey
ok 5 - Eloquent\Enumeration\AbstractEnumerationTest::testMemberOrNullByKeyFailureUndefined
ok 6 - Eloquent\Enumeration\AbstractEnumerationTest::testMemberBy
ok 7 - Eloquent\Enumeration\AbstractEnumerationTest::testMemberByFailureUndefined
ok 8 - Eloquent\Enumeration\AbstractEnumerationTest::testMemberByWithDefault
ok 9 - Eloquent\Enumeration\AbstractEnumerationTest::testMemberOrNullBy
ok 10 - Eloquent\Enumeration\AbstractEnumerationTest::testMemberOrNullByFailureUndefined
ok 11 - Eloquent\Enumeration\AbstractEnumerationTest::testMemberByPredicate
ok 12 - Eloquent\Enumeration\AbstractEnumerationTest::testMemberByPredicateFailureUndefined
ok 13 - Eloquent\Enumeration\AbstractEnumerationTest::testMemberByPredicateWithDefault
ok 14 - Eloquent\Enumeration\AbstractEnumerationTest::testMembers
ok 15 - Eloquent\Enumeration\AbstractEnumerationTest::testMembersBy
ok 16 - Eloquent\Enumeration\AbstractEnumerationTest::testMembersByPredicate
ok 17 - Eloquent\Enumeration\AbstractEnumerationTest::testCallStatic
ok 18 - Eloquent\Enumeration\AbstractEnumerationTest::testCallStaticFailureUndefined
ok 19 - Eloquent\Enumeration\AbstractEnumerationTest::testInstantiationLogic
ok 20 - Eloquent\Enumeration\AbstractEnumerationTest::testInheritanceProtection
ok 21 - Eloquent\Enumeration\AbstractEnumerationTest::testAnyOf
ok 22 - Eloquent\Enumeration\AbstractEnumerationTest::testAnyOfArray
ok 23 - Eloquent\Enumeration\AbstractEnumerationTest::testToString
ok 24 - Eloquent\Enumeration\AbstractEnumerationTest::testMemberByValue
ok 25 - Eloquent\Enumeration\AbstractEnumerationTest::testMemberByValueFailureUndefined
ok 26 - Eloquent\Enumeration\AbstractEnumerationTest::testMemberByValueWithDefault
ok 27 - Eloquent\Enumeration\AbstractEnumerationTest::testMemberOrNullByValue
ok 28 - Eloquent\Enumeration\AbstractEnumerationTest::testMemberOrNullByValueFailureUndefined
ok 29 - Eloquent\Enumeration\AbstractEnumerationTest::testMembersByValue
ok 30 - Eloquent\Enumeration\AbstractMultitonTest::testMemberByKey
ok 31 - Eloquent\Enumeration\AbstractMultitonTest::testMemberByKeyFailureUndefined
ok 32 - Eloquent\Enumeration\AbstractMultitonTest::testMemberByKeyWithDefault
ok 33 - Eloquent\Enumeration\AbstractMultitonTest::testMemberOrNullByKey
ok 34 - Eloquent\Enumeration\AbstractMultitonTest::testMemberOrNullByKeyFailureUndefined
ok 35 - Eloquent\Enumeration\AbstractMultitonTest::testMemberBy
ok 36 - Eloquent\Enumeration\AbstractMultitonTest::testMemberByFailureUndefined
ok 37 - Eloquent\Enumeration\AbstractMultitonTest::testMemberByWithDefault
ok 38 - Eloquent\Enumeration\AbstractMultitonTest::testMemberOrNullBy
ok 39 - Eloquent\Enumeration\AbstractMultitonTest::testMemberOrNullByFailureUndefined
ok 40 - Eloquent\Enumeration\AbstractMultitonTest::testMemberByPredicate
ok 41 - Eloquent\Enumeration\AbstractMultitonTest::testMemberByPredicateFailureUndefined
ok 42 - Eloquent\Enumeration\AbstractMultitonTest::testMemberByPredicateWithDefault
ok 43 - Eloquent\Enumeration\AbstractMultitonTest::testMembers
ok 44 - Eloquent\Enumeration\AbstractMultitonTest::testMembersBy
ok 45 - Eloquent\Enumeration\AbstractMultitonTest::testMembersByPredicate
ok 46 - Eloquent\Enumeration\AbstractMultitonTest::testCallStatic
ok 47 - Eloquent\Enumeration\AbstractMultitonTest::testCallStaticFailureUndefined
ok 48 - Eloquent\Enumeration\AbstractMultitonTest::testInstantiationLogic
ok 49 - Eloquent\Enumeration\AbstractMultitonTest::testInheritanceProtection
ok 50 - Eloquent\Enumeration\AbstractMultitonTest::testAnyOf
ok 51 - Eloquent\Enumeration\AbstractMultitonTest::testAnyOfArray
ok 52 - Eloquent\Enumeration\AbstractMultitonTest::testToString
ok 53 - Eloquent\Enumeration\AbstractValueMultitonTest::testMemberByKey
ok 54 - Eloquent\Enumeration\AbstractValueMultitonTest::testMemberByKeyFailureUndefined
ok 55 - Eloquent\Enumeration\AbstractValueMultitonTest::testMemberByKeyWithDefault
ok 56 - Eloquent\Enumeration\AbstractValueMultitonTest::testMemberOrNullByKey
ok 57 - Eloquent\Enumeration\AbstractValueMultitonTest::testMemberOrNullByKeyFailureUndefined
ok 58 - Eloquent\Enumeration\AbstractValueMultitonTest::testMemberBy
ok 59 - Eloquent\Enumeration\AbstractValueMultitonTest::testMemberByFailureUndefined
ok 60 - Eloquent\Enumeration\AbstractValueMultitonTest::testMemberByWithDefault
ok 61 - Eloquent\Enumeration\AbstractValueMultitonTest::testMemberOrNullBy
ok 62 - Eloquent\Enumeration\AbstractValueMultitonTest::testMemberOrNullByFailureUndefined
ok 63 - Eloquent\Enumeration\AbstractValueMultitonTest::testMemberByPredicate
ok 64 - Eloquent\Enumeration\AbstractValueMultitonTest::testMemberByPredicateFailureUndefined
ok 65 - Eloquent\Enumeration\AbstractValueMultitonTest::testMemberByPredicateWithDefault
ok 66 - Eloquent\Enumeration\AbstractValueMultitonTest::testMembers
ok 67 - Eloquent\Enumeration\AbstractValueMultitonTest::testMembersBy
ok 68 - Eloquent\Enumeration\AbstractValueMultitonTest::testMembersByPredicate
ok 69 - Eloquent\Enumeration\AbstractValueMultitonTest::testCallStatic
ok 70 - Eloquent\Enumeration\AbstractValueMultitonTest::testCallStaticFailureUndefined
ok 71 - Eloquent\Enumeration\AbstractValueMultitonTest::testInstantiationLogic
ok 72 - Eloquent\Enumeration\AbstractValueMultitonTest::testInheritanceProtection
ok 73 - Eloquent\Enumeration\AbstractValueMultitonTest::testAnyOf
ok 74 - Eloquent\Enumeration\AbstractValueMultitonTest::testAnyOfArray
ok 75 - Eloquent\Enumeration\AbstractValueMultitonTest::testToString
ok 76 - Eloquent\Enumeration\AbstractValueMultitonTest::testMemberByValue
ok 77 - Eloquent\Enumeration\AbstractValueMultitonTest::testMemberByValueFailureUndefined
ok 78 - Eloquent\Enumeration\AbstractValueMultitonTest::testMemberByValueWithDefault
ok 79 - Eloquent\Enumeration\AbstractValueMultitonTest::testMemberOrNullByValue
ok 80 - Eloquent\Enumeration\AbstractValueMultitonTest::testMemberOrNullByValueFailureUndefined
ok 81 - Eloquent\Enumeration\AbstractValueMultitonTest::testMembersByValue
ok 82 - Eloquent\Enumeration\Exception\ExtendsConcreteExceptionTest::testException
ok 83 - Eloquent\Enumeration\Exception\UndefinedMemberExceptionTest::testException
ok 84 - FunctionalTest::testHttpRequestMethodSetup
ok 85 - FunctionalTest::testHttpRequestMethodAcceptAll
ok 86 - FunctionalTest::testHttpRequestMethodStrictComparison
ok 87 - FunctionalTest::testPlanetSetup
ok 88 - FunctionalTest::testPlanetExampleScriptOutput
1..88
