TAP version 13
ok 1 - Eloquent\Enumeration\EnumerationTest::testInitialization
ok 2 - Eloquent\Enumeration\EnumerationTest::testMemberByValue
ok 3 - Eloquent\Enumeration\EnumerationTest::testMemberByValueFailureUndefined
ok 4 - Eloquent\Enumeration\EnumerationTest::testMemberByValueWithDefault
ok 5 - Eloquent\Enumeration\EnumerationTest::testMemberByKey
ok 6 - Eloquent\Enumeration\EnumerationTest::testMemberByKeyFailureUndefined
ok 7 - Eloquent\Enumeration\EnumerationTest::testMemberByKeyWithDefault
ok 8 - Eloquent\Enumeration\EnumerationTest::testCallStatic
ok 9 - Eloquent\Enumeration\EnumerationTest::testCallStaticUndefined
ok 10 - Eloquent\Enumeration\EnumerationTest::testInstantiationLogic
ok 11 - Eloquent\Enumeration\EnumerationTest::testInheritanceProtection
ok 12 - Eloquent\Enumeration\Exception\ExtendsConcreteExceptionTest::testException
ok 13 - Eloquent\Enumeration\Exception\UndefinedMemberExceptionTest::testException
ok 14 - FunctionalTest::testHttpRequestMethodSetup
ok 15 - FunctionalTest::testHttpRequestMethodAcceptAll
ok 16 - FunctionalTest::testHttpRequestMethodStrictComparison
ok 17 - FunctionalTest::testPlanetSetup
ok 18 - FunctionalTest::testPlanetExampleScriptOutput
ok 19 - Eloquent\Enumeration\MultitonTest::testMembers
ok 20 - Eloquent\Enumeration\MultitonTest::testMemberByKey
ok 21 - Eloquent\Enumeration\MultitonTest::testMemberByKeyFailureUndefined
ok 22 - Eloquent\Enumeration\MultitonTest::testMemberByKeyWithDefault
ok 23 - Eloquent\Enumeration\MultitonTest::testMemberBy
ok 24 - Eloquent\Enumeration\MultitonTest::testMemberByFailureUndefined
ok 25 - Eloquent\Enumeration\MultitonTest::testMemberByWithDefault
ok 26 - Eloquent\Enumeration\MultitonTest::testMemberByPredicate
ok 27 - Eloquent\Enumeration\MultitonTest::testMemberByPredicateFailureUndefined
ok 28 - Eloquent\Enumeration\MultitonTest::testMemberByPredicateWithDefault
ok 29 - Eloquent\Enumeration\MultitonTest::testCallStatic
ok 30 - Eloquent\Enumeration\MultitonTest::testCallStaticFailureUndefined
ok 31 - Eloquent\Enumeration\MultitonTest::testInstantiationLogic
ok 32 - Eloquent\Enumeration\MultitonTest::testInheritanceProtection
ok 33 - Eloquent\Enumeration\MultitonTest::testAnyOf
ok 34 - Eloquent\Enumeration\MultitonTest::testAnyOfArray
ok 35 - Eloquent\Enumeration\MultitonTest::testToString
1..35
